[13:49:42] 52 snapshot times for membership
[13:49:44] downloaded snapshot 2019-05-31T10:45 -> 2019-05-31T10:43:30.549Z
[13:49:47] downloaded snapshot 2019-06-04T11:16 -> 2019-06-04T11:14:46.378Z
[13:49:50] downloaded snapshot 2019-06-10T06:52 -> 2019-06-10T06:49:29.234Z
[13:49:53] downloaded snapshot 2019-10-30T16:02 -> 2019-10-30T15:59:18.123Z
[13:49:56] downloaded snapshot 2019-10-30T16:25 -> 2019-10-30T16:22:15.525Z
[13:49:59] downloaded snapshot 2020-01-31T23:35 -> 2020-01-31T23:32:01.109Z
[13:50:02] downloaded snapshot 2020-02-05T14:19 -> 2020-02-05T14:18:45.183Z
[13:50:05] downloaded snapshot 2020-05-22T07:34 -> 2020-05-22T07:32:50.459Z
[13:50:08] downloaded snapshot 2020-05-29T18:39 -> 2020-05-29T18:38:20.133Z
[13:50:12] downloaded snapshot 2021-04-06T17:14 -> 2021-04-06T17:13:30.555Z
[13:50:16] downloaded snapshot 2021-04-06T17:32 -> 2021-04-06T17:30:54.568Z
[13:50:21] downloaded snapshot 2021-04-07T23:48 -> 2021-04-07T23:46:32.661Z
[13:50:27] downloaded snapshot 2021-04-13T11:41 -> 2021-04-13T11:38:10.192Z
[13:50:34] downloaded snapshot 2021-04-13T12:23 -> 2021-04-13T12:21:43.175Z
[13:50:39] downloaded snapshot 2021-04-13T17:50 -> 2021-04-13T17:49:08.231Z
[13:50:42] downloaded snapshot 2021-04-19T08:30 -> 2021-04-19T08:28:39.914Z
[13:50:45] downloaded snapshot 2022-02-26T00:13 -> 2022-02-26T00:12:19.248Z
[13:50:49] downloaded snapshot 2022-02-28T09:41 -> 2022-02-28T09:39:52.428Z
[13:50:52] downloaded snapshot 2022-03-08T21:34 -> 2022-03-08T21:30:34.194Z
[13:50:55] downloaded snapshot 2022-03-14T13:44 -> 2022-03-14T13:43:54.777Z
[13:50:58] downloaded snapshot 2022-03-22T00:13 -> 2022-03-22T00:12:17.696Z
[13:51:01] downloaded snapshot 2022-03-22T00:43 -> 2022-03-22T00:42:21.312Z
[13:51:05] downloaded snapshot 2022-06-24T06:50 -> 2022-06-24T06:49:29.003Z
[13:51:08] downloaded snapshot 2022-06-24T07:25 -> 2022-06-24T07:24:39.028Z
[13:51:11] downloaded snapshot 2022-07-10T04:56 -> 2022-07-10T04:55:14.637Z
[13:51:14] downloaded snapshot 2022-07-13T06:35 -> 2022-07-13T06:31:14.391Z
[13:51:17] downloaded snapshot 2022-07-13T21:40 -> 2022-07-13T21:36:24.863Z
[13:51:21] downloaded snapshot 2022-07-24T16:27 -> 2022-07-24T16:23:42.826Z
[13:51:24] downloaded snapshot 2022-07-25T10:02 -> 2022-07-25T09:59:02.193Z
[13:51:27] downloaded snapshot 2022-10-19T22:09 -> 2022-10-19T22:08:12.264Z
[13:51:30] downloaded snapshot 2022-11-04T18:30 -> 2022-11-04T18:26:56.656Z
[13:51:33] downloaded snapshot 2022-12-13T23:35 -> 2022-12-13T23:34:55.164Z
[13:51:36] downloaded snapshot 2022-12-14T15:56 -> 2022-12-14T15:53:02.143Z
[13:51:39] downloaded snapshot 2023-07-03T09:24 -> 2023-07-03T09:23:02.158Z
[13:51:43] downloaded snapshot 2023-09-15T16:31 -> 2023-09-15T16:30:36.596Z
[13:51:47] downloaded snapshot 2024-10-03T18:13 -> 2024-10-03T18:09:09.039Z
[13:51:50] downloaded snapshot 2024-10-08T09:30 -> 2024-10-08T09:29:51.361Z
[13:51:53] downloaded snapshot 2025-01-08T17:58 -> 2025-01-08T17:57:46.683Z
[13:51:56] downloaded snapshot 2025-01-10T14:18 -> 2025-01-10T14:17:52.810Z
[13:52:00] downloaded snapshot 2025-04-23T12:32 -> 2025-04-23T12:31:27.324Z
[13:52:04] downloaded snapshot 2025-04-23T18:42 -> 2025-04-23T18:41:16.771Z
[13:52:07] downloaded snapshot 2026-07-15T10:26 -> 2026-07-15T10:21:29.750Z
[13:52:10] downloaded snapshot 2026-07-15T21:16 -> 2026-07-15T21:11:29.792Z
[13:52:14] downloaded snapshot 2026-08-27T09:33 -> 2026-08-27T09:23:47.133Z
[13:52:17] downloaded snapshot 2026-08-27T11:06 -> 2026-08-27T10:56:31.161Z
[13:52:21] downloaded snapshot 2026-08-27T12:36 -> 2026-08-27T12:31:22.612Z
[13:52:24] downloaded snapshot 2026-08-27T18:16 -> 2026-08-27T18:11:22.911Z
[13:52:28] downloaded snapshot 2026-08-28T08:36 -> 2026-08-28T08:31:22.962Z
[13:52:31] downloaded snapshot 2026-10-01T08:19 -> 2026-10-01T08:09:18.366Z
[13:52:34] downloaded snapshot 2026-10-01T17:24 -> 2026-10-01T17:14:13.684Z
[13:52:37] downloaded snapshot 2026-10-01T21:34 -> 2026-10-01T21:24:17.863Z
[13:52:37] 17 organizations ever in the top tier
[13:52:37] pulling daily availability: about 576 year-chunks (cached ones are instant)
[14:06:33] 18598 organization-days, 0 crawler outage days excluded
